>>> Starting Agent Boot Sequence...
[1/6] Checking User Account               [OK]
   ... Running as service user 'labuser' (uid=1000)
[2/6] Verifying Environment Variables     [OK]
   ... All required Envs correct
[3/6] Checking Required Files             [OK]
   ... Verified 'secret.key' with correct key string.
[4/6] Checking Port Availability          [OK]
   ... Port 15034 is available.
[5/6] Verifying Log Permission            [OK]
   ... Log directory is writable: /workspace/linux-troubleshooting-lab/.runtime/agent/logs
[6/6] Verifying Mission Environment       [OK]
   ... MEMORY_LIMIT=50MB, CPU_MAX_OCCUPY=100%, MULTI_THREAD_ENABLE=False
------------------------------------------------------------
All Boot Checks Passed!
Agent READY
2026-09-16 20:53:27,863 [INFO] [SafetyGuard] Process priority lowered (nice=10).
2026-09-16 20:53:27,867 [INFO] Agent listening at port 15034

==================================================
 [ Agent Initiate ] Resource Check 
==================================================
 [ MEMORY ] Limit: 50MB 		[ WARNING: Recommend Over 256MB ]
 [ CPU    ] Limit: 100%  		[ WARNING: Recommend Under 50% ]
 [ THREAD ] Concurrency: False 		[ OK ]
--------------------------------------------------
 >>> SYSTEM STATUS: STABLE. STARTING WORKLOAD MONITORING...
==================================================

2026-09-16 20:53:29,903 [INFO] [MemoryWorker] Current Heap: 25MB
2026-09-16 20:53:32,944 [INFO] [MemoryWorker] Current Heap: 50MB
2026-09-16 20:53:32,946 [CRITICAL] [MemoryGuard] Memory limit exceeded (50MB >= 50MB) / (Recommend Over 256MB)
2026-09-16 20:53:32,947 [CRITICAL] [MemoryGuard] Self-terminating process 417 to prevent system instability.
