>>> Starting Agent Boot Sequence...
[1/6] Checking User Account               [OK]
   ... Running as service user 'labuser' (uid=1000)
[2/6] Verifying Environment Variables     [OK]
   ... All required Envs correct
[3/6] Checking Required Files             [OK]
   ... Verified 'secret.key' with correct key string.
[4/6] Checking Port Availability          [OK]
   ... Port 15034 is available.
[5/6] Verifying Log Permission            [OK]
   ... Log directory is writable: /workspace/linux-troubleshooting-lab/.runtime/agent/logs
[6/6] Verifying Mission Environment       [OK]
   ... MEMORY_LIMIT=512MB, CPU_MAX_OCCUPY=100%, MULTI_THREAD_ENABLE=False
------------------------------------------------------------
All Boot Checks Passed!
Agent READY
2026-09-24 00:43:02,650 [INFO] [SafetyGuard] Process priority lowered (nice=10).
2026-09-24 00:43:02,657 [INFO] Agent listening at port 15034

==================================================
 [ Agent Initiate ] Resource Check 
==================================================
 [ MEMORY ] Limit: 512MB 		[ OK ]
 [ CPU    ] Limit: 100%  		[ WARNING: Recommend Under 50% ]
 [ THREAD ] Concurrency: False 		[ OK ]
--------------------------------------------------
 >>> SYSTEM STATUS: STABLE. STARTING WORKLOAD MONITORING...
==================================================

2026-09-24 00:43:04,669 [INFO] [CpuWorker] Started. Maximum CPU Limit: 100%
2026-09-24 00:43:04,670 [INFO] [CpuWorker] Current Load: 5.00%
2026-09-24 00:43:07,791 [INFO] [CpuWorker] Current Load: 12.38%
2026-09-24 00:43:10,928 [INFO] [CpuWorker] Current Load: 12.44%
2026-09-24 00:43:13,297 [INFO] [CpuWorker] Current Load: 13.65%
2026-09-24 00:43:16,421 [INFO] [CpuWorker] Current Load: 19.05%
2026-09-24 00:43:19,581 [INFO] [CpuWorker] Current Load: 26.00%
2026-09-24 00:43:22,747 [INFO] [CpuWorker] Current Load: 27.95%
2026-09-24 00:43:25,891 [INFO] [CpuWorker] Current Load: 37.10%
2026-09-24 00:43:29,050 [INFO] [CpuWorker] Current Load: 46.72%
2026-09-24 00:43:32,175 [INFO] [CpuWorker] Current Load: 47.46%
2026-09-24 00:43:35,296 [INFO] [CpuWorker] Current Load: 52.96%
2026-09-24 00:43:35,399 [CRITICAL] [CpuWorker] CPU Threshold Violated! (52.959999999999994%).
