>>> Starting Agent Boot Sequence...
[1/6] Checking User Account               [OK]
   ... Running as service user 'labuser' (uid=1000)
[2/6] Verifying Environment Variables     [OK]
   ... All required Envs correct
[3/6] Checking Required Files             [OK]
   ... Verified 'secret.key' with correct key string.
[4/6] Checking Port Availability          [OK]
   ... Port 15034 is available.
[5/6] Verifying Log Permission            [OK]
   ... Log directory is writable: /workspace/linux-troubleshooting-lab/.runtime/agent/logs
[6/6] Verifying Mission Environment       [OK]
   ... MEMORY_LIMIT=512MB, CPU_MAX_OCCUPY=100%, MULTI_THREAD_ENABLE=False
------------------------------------------------------------
All Boot Checks Passed!
Agent READY
2026-09-16 21:06:29,425 [INFO] [SafetyGuard] Process priority lowered (nice=10).
2026-09-16 21:06:29,430 [INFO] Agent listening at port 15034

==================================================
 [ Agent Initiate ] Resource Check 
==================================================
 [ MEMORY ] Limit: 512MB 		[ OK ]
 [ CPU    ] Limit: 100%  		[ WARNING: Recommend Under 50% ]
 [ THREAD ] Concurrency: False 		[ OK ]
--------------------------------------------------
 >>> SYSTEM STATUS: STABLE. STARTING WORKLOAD MONITORING...
==================================================

2026-09-16 21:06:31,433 [INFO] [CpuWorker] Started. Maximum CPU Limit: 100%
2026-09-16 21:06:31,434 [INFO] [CpuWorker] Current Load: 5.00%
2026-09-16 21:06:34,551 [INFO] [CpuWorker] Current Load: 14.46%
2026-09-16 21:06:37,669 [INFO] [CpuWorker] Current Load: 18.58%
2026-09-16 21:06:40,786 [INFO] [CpuWorker] Current Load: 25.35%
2026-09-16 21:06:43,902 [INFO] [CpuWorker] Current Load: 32.40%
2026-09-16 21:06:47,019 [INFO] [CpuWorker] Current Load: 35.97%
2026-09-16 21:06:50,136 [INFO] [CpuWorker] Current Load: 38.40%
2026-09-16 21:06:53,253 [INFO] [CpuWorker] Current Load: 45.20%
2026-09-16 21:06:56,370 [INFO] [CpuWorker] Current Load: 53.59%
2026-09-16 21:06:56,471 [CRITICAL] [CpuWorker] CPU Threshold Violated! (53.589999999999996%).

>>> [SYSTEM] WATCHDOG: INITIATING EMERGENCY ABORT (SIGTERM) <<<

